// Jest Snapshot v1, https://goo.gl/fbAQLP

exports[`The RaceForm Component... will match snapshot 1`] = `
Array [
  <form>
    <p>
      Pick a Race: 
    </p>
  </form>,
  <hr />,
  <form>
    <p>
      Pick a SubRace: 
    </p>
    <p>
       No Subraces
    </p>
  </form>,
]
`;
